Microsoft Windows [Version 10.0.18363.2039]
(c) 2019 Microsoft Corporation. All rights reserved.

C:\Users\2048648>source\Student Admin Portal>git clone https://github.com/jyotigupta23/StudentAdminPortalAPI.git
'source\Student' is not recognized as an internal or external command,
operable program or batch file.

C:\Users\2048648>cd source

C:\Users\2048648\source>cd Student Admin Portal

C:\Users\2048648\source\Student Admin Portal>git clone https://github.com/jyotigupta23/Studenthub.com/jyotigupta23/StudentAdminPortalAPI.git
Cloning into 'StudentAdminPortalAPI'...
remote: Not Found
fatal: repository 'https://github.com/jyotigupta23/Studenthub.com/jyotigupta23/StudentAdminPortalAPI.git/' not found

C:\Users\2048648\source\Student Admin Portal>https://github.com/jyotigupta23/StudentAdminPortalAPI.git
'https:' is not recognized as an internal or external command,
operable program or batch file.

C:\Users\2048648\source\Student Admin Portal>git clone https://github.com/jyotigupta23/StudentAdminPortalAPI.git
Cloning into 'StudentAdminPortalAPI'...
Username for 'https://github.com': jyotigupta23
Password for 'https://jyotigupta23@github.com':
remote: Support for password authentication was removed on August 13, 2021. Please use a personal access token instead.
remote: Please see https://github.blog/2020-12-15-token-authentication-requirements-for-git-operations/ for more information.
fatal: Authentication failed for 'https://github.com/jyotigupta23/StudentAdminPortalAPI.git/'

C:\Users\2048648\source\Student Admin Portal>git clone https://github.com/jyotigupta23/StudentAdminPortalAPI.git
Cloning into 'StudentAdminPortalAPI'...
Username for 'https://github.com': jyotigupta23
Password for 'https://jyotigupta23@github.com':
remote: Write access to repository not granted.
fatal: unable to access 'https://github.com/jyotigupta23/StudentAdminPortalAPI.git/': The requested URL returned error: 403

C:\Users\2048648\source\Student Admin Portal>git clone https://github.com/jyotigupta23/StudentAdminPortalAPI.git
Cloning into 'StudentAdminPortalAPI'...
Username for 'https://github.com': jyotigupta23
Password for 'https://jyotigupta23@github.com':
remote: Enumerating objects: 3, done.
remote: Counting objects: 100% (3/3), done.
remote: Compressing objects: 100% (2/2), done.
remote: Total 3 (delta 0), reused 0 (delta 0), pack-reused 0
Receiving objects: 100% (3/3), done.

C:\Users\2048648\source\Student Admin Portal>cd StudentAdminPortalAPI

C:\Users\2048648\source\Student Admin Portal\StudentAdminPortalAPI>git add .

C:\Users\2048648\source\Student Admin Portal\StudentAdminPortalAPI>git add .

C:\Users\2048648\source\Student Admin Portal\StudentAdminPortalAPI>git commit -m "Initial Commit"
[main 37d2851] Initial Commit
 9 files changed, 225 insertions(+)
 create mode 100644 StudentAdminPortalAPI/Controllers/WeatherForecastController.cs
 create mode 100644 StudentAdminPortalAPI/Program.cs
 create mode 100644 StudentAdminPortalAPI/Properties/launchSettings.json
 create mode 100644 StudentAdminPortalAPI/Startup.cs
 create mode 100644 StudentAdminPortalAPI/StudentAdminPortalAPI.csproj
 create mode 100644 StudentAdminPortalAPI/StudentAdminPortalAPI.sln
 create mode 100644 StudentAdminPortalAPI/WeatherForecast.cs
 create mode 100644 StudentAdminPortalAPI/appsettings.Development.json
 create mode 100644 StudentAdminPortalAPI/appsettings.json

C:\Users\2048648\source\Student Admin Portal\StudentAdminPortalAPI>git push
Username for 'https://github.com': jyotigupta23
Password for 'https://jyotigupta23@github.com':
Enumerating objects: 15, done.
Counting objects: 100% (15/15), done.
Delta compression using up to 8 threads
Compressing objects: 100% (13/13), done.
Writing objects: 100% (14/14), 3.54 KiB | 1.18 MiB/s, done.
Total 14 (delta 0), reused 0 (delta 0), pack-reused 0
To https://github.com/jyotigupta23/StudentAdminPortalAPI.git
   e8cc739..37d2851  main -> main

C:\Users\2048648\source\Student Admin Portal\StudentAdminPortalAPI>